{ "default_width": 2100, "default_height": 1500, "coordinatesarr": [ { "name": "Слой 3", "left_x": 1760, "left_y": 1094, "right_x": 1921, "right_y": 1413 }, { "name": "Слой 2", "left_x": 1757, "left_y": 50, "right_x": 1935, "right_y": 313 }, { "name": "Слой 1", "left_x": 37, "left_y": 19, "right_x": 244, "right_y": 259 }, { "name": "Фон", "left_x": 59, "left_y": 1145, "right_x": 270, "right_y": 1419 } ] }